TITLE: Bill of Materials
DATE: 09/25/2012

Ref Des#VALUE#STATUS#DESCRIPTION#MATERIALS_OF_CONCERN#Qty#Unit Price#Cost#MFR_1#MFR_1_PN#MFR_1_SPEC#MFR_2#MFR_2_PN#MFR_2_SPEC#MFR_3#MFR_3_PN#MFR_3_SPEC#MFR_4#MFR_4_PN#MFR_4_SPEC#MFR_5#MFR_5_PN#MFR_5_SPEC#MFR_6#MFR_6_PN#MFR_6_SPEC#MFR_7#MFR_7_PN#MFR_7_SPEC#MFR_8#MFR_8_PN#MFR_8_SPEC#MFR_9#MFR_9_PN#MFR_9_SPEC#MFR_10#MFR_10_PN#MFR_10_SPEC#MFR_11#MFR_11_PN#MFR_11_SPEC#MFR_12#MFR_12_PN#MFR_12_SPEC#MFR_13#MFR_13_PN#MFR_13_SPEC#MFR_14#MFR_14_PN#MFR_14_SPEC#MFR_15#MFR_15_PN#MFR_15_SPEC#UL#PART_NUMBER
C1#0.015UF#Validated#CAP, SMT0805, 0.015uF 25V 5% X7R#No#1#-#-# # # #Vishay#VJ0805Y153JXX#http://a35as03applge.appl.ge.com/Part_Data_Sheets/Vishay/C_SMT-Vishay_VJX7R.pdf#KOA#X7R0805ETxx153J#http://a35as03applge.appl.ge.com/Part_Data_Sheets/KOA/C_SMT-KOA_X7R_NPO.pdf#AVX#08053C153JAT#http://a35as03applge.appl.ge.com/Part_Data_Sheets/AVX/C_SMT-AVX_X7R.pdf#Yageo#CC0805J_X7R8BB153#http://a35as03applge.appl.ge.com/Part_Data_Sheets/Yageo/C_SMT-Yageo_MLCCX7R_MLCCNPO.pdf#-#-#-#-#-#-#-#-#-#-#-#-#-#-#-#-#-#-#-#-#-#-#-#-#-#-#-#-#-#-#?#10000435
C10#1.0UF#Validated#CAP,  Electrolytic, 1.0uF 50Vdc 20%  85c#No#1#-#-#Panasonic#ECA1HM010( )#http://a35as03applge.appl.ge.com/Part_Data_Sheets/Panasonic/C_TH_LYTIC-Panasonic_M-A.pdf#Rubycon#50YK1MT15x11#http://a35as03applge.appl.ge.com/Part_Data_Sheets/Rubycon/C_TH_LYTIC-Rubycon_YK.pdf#Surge#REA010M1H-0511-GE1#http://a35as03applge.appl.ge.com/Part_Data_Sheets/Surge/C_TH_LYTIC-Surge_REA.pdf#Jianghai#ECR1HPT010MLL200511#http://a35as03applge.appl.ge.com/Part_Data_Sheets/Jianghai/C_TH_LYTIC-Jianghai_110_PT.pdf#Nichicon#UVR1H010MDD#http://a35as03applge.appl.ge.com/Part_Data_Sheets/Nichicon/C_TH_LYTIC-Nichicon_VR.pdf#-#-#-#-#-#-#-#-#-#-#-#-#-#-#-#-#-#-#-#-#-#-#-#-#-#-#-#-#-#-#?#10002975
C11#220PF#Validated#CAP, SMT0805, 220pF 50V 20% X7R#No#1#-#-#Compostar#CC0805X221M3OB#http://a35as03applge.appl.ge.com/Part_Data_Sheets/Compostar/C_SMT-Compostar_CCX7R_CCNPO.pdf# # # #KOA#X7R0805HTxx221M#http://a35as03applge.appl.ge.com/Part_Data_Sheets/KOA/C_SMT-KOA_X7R_NPO.pdf# # # #Yageo#CC0805M_X7R9BB221#http://a35as03applge.appl.ge.com/Part_Data_Sheets/Yageo/C_SMT-Yageo_MLCCX7R_MLCCNPO.pdf#-#-#-#-#-#-#-#-#-#-#-#-#-#-#-#-#-#-#-#-#-#-#-#-#-#-#-#-#-#-#?#10000726
C2#0.1UF#Validated#CAP, SMT0805, 0.1uF 25V 5% X7R#No#1#-#-# # # #Vishay#VJ0805Y104JXX#http://a35as03applge.appl.ge.com/Part_Data_Sheets/Vishay/C_SMT-Vishay_VJX7R.pdf#KOA#X7R0805ETxx104J#http://a35as03applge.appl.ge.com/Part_Data_Sheets/KOA/C_SMT-KOA_X7R_NPO.pdf#AVX#08053C104JAT#http://a35as03applge.appl.ge.com/Part_Data_Sheets/AVX/C_SMT-AVX_X7R.pdf#Yageo#CC0805J_X7R8BB104#http://a35as03applge.appl.ge.com/Part_Data_Sheets/Yageo/C_SMT-Yageo_MLCCX7R_MLCCNPO.pdf#-#-#-#-#-#-#-#-#-#-#-#-#-#-#-#-#-#-#-#-#-#-#-#-#-#-#-#-#-#-#?#10000445
C3#0.033UF#Validated#CAP, SMT0805, 0.033uF 25V 5% X7R#No#1#-#-# # # #Vishay#VJ0805Y333JXX#http://a35as03applge.appl.ge.com/Part_Data_Sheets/Vishay/C_SMT-Vishay_VJX7R.pdf#KOA#X7R0805ETxx333J#http://a35as03applge.appl.ge.com/Part_Data_Sheets/KOA/C_SMT-KOA_X7R_NPO.pdf#AVX#08053C333JAT#http://a35as03applge.appl.ge.com/Part_Data_Sheets/AVX/C_SMT-AVX_X7R.pdf#Yageo#CC0805J_X7R8BB333#http://a35as03applge.appl.ge.com/Part_Data_Sheets/Yageo/C_SMT-Yageo_MLCCX7R_MLCCNPO.pdf#-#-#-#-#-#-#-#-#-#-#-#-#-#-#-#-#-#-#-#-#-#-#-#-#-#-#-#-#-#-#?#10000439
C4#0.015UF#Validated#CAP, SMT0805, 0.015uF 25V 5% X7R#No#1#-#-# # # #Vishay#VJ0805Y153JXX#http://a35as03applge.appl.ge.com/Part_Data_Sheets/Vishay/C_SMT-Vishay_VJX7R.pdf#KOA#X7R0805ETxx153J#http://a35as03applge.appl.ge.com/Part_Data_Sheets/KOA/C_SMT-KOA_X7R_NPO.pdf#AVX#08053C153JAT#http://a35as03applge.appl.ge.com/Part_Data_Sheets/AVX/C_SMT-AVX_X7R.pdf#Yageo#CC0805J_X7R8BB153#http://a35as03applge.appl.ge.com/Part_Data_Sheets/Yageo/C_SMT-Yageo_MLCCX7R_MLCCNPO.pdf#-#-#-#-#-#-#-#-#-#-#-#-#-#-#-#-#-#-#-#-#-#-#-#-#-#-#-#-#-#-#?#10000435
C5#0.015UF#Validated#CAP, SMT0805, 0.015uF 25V 5% X7R#No#1#-#-# # # #Vishay#VJ0805Y153JXX#http://a35as03applge.appl.ge.com/Part_Data_Sheets/Vishay/C_SMT-Vishay_VJX7R.pdf#KOA#X7R0805ETxx153J#http://a35as03applge.appl.ge.com/Part_Data_Sheets/KOA/C_SMT-KOA_X7R_NPO.pdf#AVX#08053C153JAT#http://a35as03applge.appl.ge.com/Part_Data_Sheets/AVX/C_SMT-AVX_X7R.pdf#Yageo#CC0805J_X7R8BB153#http://a35as03applge.appl.ge.com/Part_Data_Sheets/Yageo/C_SMT-Yageo_MLCCX7R_MLCCNPO.pdf#-#-#-#-#-#-#-#-#-#-#-#-#-#-#-#-#-#-#-#-#-#-#-#-#-#-#-#-#-#-#?#10000435
C6#0.1UF#Validated#CAP, SMT0805, 0.1uF 25V 5% X7R#No#1#-#-# # # #Vishay#VJ0805Y104JXX#http://a35as03applge.appl.ge.com/Part_Data_Sheets/Vishay/C_SMT-Vishay_VJX7R.pdf#KOA#X7R0805ETxx104J#http://a35as03applge.appl.ge.com/Part_Data_Sheets/KOA/C_SMT-KOA_X7R_NPO.pdf#AVX#08053C104JAT#http://a35as03applge.appl.ge.com/Part_Data_Sheets/AVX/C_SMT-AVX_X7R.pdf#Yageo#CC0805J_X7R8BB104#http://a35as03applge.appl.ge.com/Part_Data_Sheets/Yageo/C_SMT-Yageo_MLCCX7R_MLCCNPO.pdf#-#-#-#-#-#-#-#-#-#-#-#-#-#-#-#-#-#-#-#-#-#-#-#-#-#-#-#-#-#-#?#10000445
C7#47UF#Validated#CAP,  Electrolytic, 47uF 50Vdc 20%  85c#No#1#-#-#Panasonic#ECA1HM470( )#http://a35as03applge.appl.ge.com/Part_Data_Sheets/Panasonic/C_TH_LYTIC-Panasonic_M-A.pdf#Rubycon#50YK47MT16.3x11#http://a35as03applge.appl.ge.com/Part_Data_Sheets/Rubycon/C_TH_LYTIC-Rubycon_YK.pdf#Surge#REA470M1H-0611-GE1#http://a35as03applge.appl.ge.com/Part_Data_Sheets/Surge/C_TH_LYTIC-Surge_REA.pdf#Jianghai#ECR1HPT470MLL250611#http://a35as03applge.appl.ge.com/Part_Data_Sheets/Jianghai/C_TH_LYTIC-Jianghai_110_PT.pdf#Nichicon#UVR1H470MED#http://a35as03applge.appl.ge.com/Part_Data_Sheets/Nichicon/C_TH_LYTIC-Nichicon_VR.pdf#-#-#-#-#-#-#-#-#-#-#-#-#-#-#-#-#-#-#-#-#-#-#-#-#-#-#-#-#-#-#?#10002982
C8#33UF#Validated#CAP,  Electrolytic, 33uF 6.3Vdc 20%  85c#No#1#-#-# # # # # # #Surge#REA330M0J-0511-GE1#http://a35as03applge.appl.ge.com/Part_Data_Sheets/Surge/C_TH_LYTIC-Surge_REA.pdf#Jianghai#ECR0JPT330MLL200511#http://a35as03applge.appl.ge.com/Part_Data_Sheets/Jianghai/C_TH_LYTIC-Jianghai_110_PT.pdf#Nichicon#UVR0J330MDD#http://a35as03applge.appl.ge.com/Part_Data_Sheets/Nichicon/C_TH_LYTIC-Nichicon_VR.pdf#-#-#-#-#-#-#-#-#-#-#-#-#-#-#-#-#-#-#-#-#-#-#-#-#-#-#-#-#-#-#?#10002898
C9#47UF#Validated#CAP,  Electrolytic, 47uF 50Vdc 20%  85c#No#1#-#-#Panasonic#ECA1HM470( )#http://a35as03applge.appl.ge.com/Part_Data_Sheets/Panasonic/C_TH_LYTIC-Panasonic_M-A.pdf#Rubycon#50YK47MT16.3x11#http://a35as03applge.appl.ge.com/Part_Data_Sheets/Rubycon/C_TH_LYTIC-Rubycon_YK.pdf#Surge#REA470M1H-0611-GE1#http://a35as03applge.appl.ge.com/Part_Data_Sheets/Surge/C_TH_LYTIC-Surge_REA.pdf#Jianghai#ECR1HPT470MLL250611#http://a35as03applge.appl.ge.com/Part_Data_Sheets/Jianghai/C_TH_LYTIC-Jianghai_110_PT.pdf#Nichicon#UVR1H470MED#http://a35as03applge.appl.ge.com/Part_Data_Sheets/Nichicon/C_TH_LYTIC-Nichicon_VR.pdf#-#-#-#-#-#-#-#-#-#-#-#-#-#-#-#-#-#-#-#-#-#-#-#-#-#-#-#-#-#-#?#10002982
D1#MMBD4148#Validated#DIODE, Signal-3pin, 75V 200mA SOT-23#No#1#-#-#Diodes#MMBD4148-7-F#http://a35as03applge.appl.ge.com/Part_Data_Sheets/Diodes/D_SIGNAL-Diodes_MMBD4148_SOT-23.pdf#Fairchild#MMBD4148#http://a35as03applge.appl.ge.com/Part_Data_Sheets/Fairchild/D_SIGNAL-Fairchild_MMBD4148_SOT-23.pdf#OnSemi#BAS16LT3G#http://a35as03applge.appl.ge.com/Part_Data_Sheets/OnSemi/D_SIGNAL-OnSemi_BAS16_SOT-23.pdf# # # #Philips#BAS16#http://a35as03applge.appl.ge.com/Part_Data_Sheets/Philips/D_SIGNAL-Philips_BAS16_SOT-23.pdf#-#-#-#-#-#-#-#-#-#-#-#-#-#-#-#-#-#-#-#-#-#-#-#-#-#-#-#-#-#-#?#10004947
D2#MMBD4148#Validated#DIODE, Signal-3pin, 75V 200mA SOT-23#No#1#-#-#Diodes#MMBD4148-7-F#http://a35as03applge.appl.ge.com/Part_Data_Sheets/Diodes/D_SIGNAL-Diodes_MMBD4148_SOT-23.pdf#Fairchild#MMBD4148#http://a35as03applge.appl.ge.com/Part_Data_Sheets/Fairchild/D_SIGNAL-Fairchild_MMBD4148_SOT-23.pdf#OnSemi#BAS16LT3G#http://a35as03applge.appl.ge.com/Part_Data_Sheets/OnSemi/D_SIGNAL-OnSemi_BAS16_SOT-23.pdf# # # #Philips#BAS16#http://a35as03applge.appl.ge.com/Part_Data_Sheets/Philips/D_SIGNAL-Philips_BAS16_SOT-23.pdf#-#-#-#-#-#-#-#-#-#-#-#-#-#-#-#-#-#-#-#-#-#-#-#-#-#-#-#-#-#-#?#10004947
J1#640452-2#Validated#CONN,HDR,2POS,100mil,VERT,TIN#No#1#-#-#AMP#640452-2#HTTP://a35as03applge.appl.ge.com/Part_Data_Sheets/AMP/640452-2.pdf#-#-#-#-#-#-#-#-#-#-#-#-#-#-#-#-#-#-#-#-#-#-#-#-#-#-#-#-#-#-#-#-#-#-#-#-#-#-#-#-#-#-#?#10017071
J2#640456-3#VALIDATED#CONN,HDR,3POS,0.100",VERT#Yes#1#-#-#AMP#640456-3#-#-#-#-#-#-#-#-#-#-#-#-#-#-#-#-#-#-#-#-#-#-#-#-#-#-#-#-#-#-#-#-#-#-#-#-#-#-#-#-#-#-#-#?#10017170
J3#640452-2#Validated#CONN,HDR,2POS,100mil,VERT,TIN#No#1#-#-#AMP#640452-2#HTTP://a35as03applge.appl.ge.com/Part_Data_Sheets/AMP/640452-2.pdf#-#-#-#-#-#-#-#-#-#-#-#-#-#-#-#-#-#-#-#-#-#-#-#-#-#-#-#-#-#-#-#-#-#-#-#-#-#-#-#-#-#-#?#10017071
J4#641215-3#VALIDATED#CONN,HDR,3POS,0.100",VERT#Yes#1#-#-#AMP#641215-3#-#-#-#-#-#-#-#-#-#-#-#-#-#-#-#-#-#-#-#-#-#-#-#-#-#-#-#-#-#-#-#-#-#-#-#-#-#-#-#-#-#-#-#?#10017175
J5#641215-3#VALIDATED#CONN,HDR,3POS,0.100",VERT#Yes#1#-#-#AMP#641215-3#-#-#-#-#-#-#-#-#-#-#-#-#-#-#-#-#-#-#-#-#-#-#-#-#-#-#-#-#-#-#-#-#-#-#-#-#-#-#-#-#-#-#-#?#10017175
J6#641215-3#VALIDATED#CONN,HDR,3POS,0.100",VERT#Yes#1#-#-#AMP#641215-3#-#-#-#-#-#-#-#-#-#-#-#-#-#-#-#-#-#-#-#-#-#-#-#-#-#-#-#-#-#-#-#-#-#-#-#-#-#-#-#-#-#-#-#?#10017175
J7#641215-3#VALIDATED#CONN,HDR,3POS,0.100",VERT#Yes#1#-#-#AMP#641215-3#-#-#-#-#-#-#-#-#-#-#-#-#-#-#-#-#-#-#-#-#-#-#-#-#-#-#-#-#-#-#-#-#-#-#-#-#-#-#-#-#-#-#-#?#10017175
Q1#FJX945#Validated#BJT, NPN Signal, 50V 0.15A SOT-323#No#1#-#-# # # #Fairchild#FJX945#http://a35as03applge.appl.ge.com/Part_Data_Sheets/Fairchild/Q_NPN_Signal-Fairchild_FJX945.pdf# # # #NXP#2PC4081S#http://a35as03applge.appl.ge.com/Part_Data_Sheets/NXP/Q_NPN_Signal-NXP_2PC4081S.pdf# # # #-#-#-#-#-#-#-#-#-#-#-#-#-#-#-#-#-#-#-#-#-#-#-#-#-#-#-#-#-#-#?#10005453
Q2#FJX733#Validated#BJT, PNP Signal, 50V 0.15A SOT-323#No#1#-#-# # # #Fairchild#FJX733#http://a35as03applge.appl.ge.com/Part_Data_Sheets/Fairchild/Q_PNP_Signal-Fairchild_FJX733.pdf# # # #NXP#2PA1576S#http://a35as03applge.appl.ge.com/Part_Data_Sheets/NXP/Q_PNP_Signal-NXP_2PA1576Q-2PA1576S.pdf# # # #-#-#-#-#-#-#-#-#-#-#-#-#-#-#-#-#-#-#-#-#-#-#-#-#-#-#-#-#-#-#?#10005646
Q3#FJX945#Validated#BJT, NPN Signal, 50V 0.15A SOT-323#No#1#-#-# # # #Fairchild#FJX945#http://a35as03applge.appl.ge.com/Part_Data_Sheets/Fairchild/Q_NPN_Signal-Fairchild_FJX945.pdf# # # #NXP#2PC4081S#http://a35as03applge.appl.ge.com/Part_Data_Sheets/NXP/Q_NPN_Signal-NXP_2PC4081S.pdf# # # #-#-#-#-#-#-#-#-#-#-#-#-#-#-#-#-#-#-#-#-#-#-#-#-#-#-#-#-#-#-#?#10005453
Q4#FJX945#Validated#BJT, NPN Signal, 50V 0.15A SOT-323#No#1#-#-# # # #Fairchild#FJX945#http://a35as03applge.appl.ge.com/Part_Data_Sheets/Fairchild/Q_NPN_Signal-Fairchild_FJX945.pdf# # # #NXP#2PC4081S#http://a35as03applge.appl.ge.com/Part_Data_Sheets/NXP/Q_NPN_Signal-NXP_2PC4081S.pdf# # # #-#-#-#-#-#-#-#-#-#-#-#-#-#-#-#-#-#-#-#-#-#-#-#-#-#-#-#-#-#-#?#10005453
Q5#FJX945#Validated#BJT, NPN Signal, 50V 0.15A SOT-323#No#1#-#-# # # #Fairchild#FJX945#http://a35as03applge.appl.ge.com/Part_Data_Sheets/Fairchild/Q_NPN_Signal-Fairchild_FJX945.pdf# # # #NXP#2PC4081S#http://a35as03applge.appl.ge.com/Part_Data_Sheets/NXP/Q_NPN_Signal-NXP_2PC4081S.pdf# # # #-#-#-#-#-#-#-#-#-#-#-#-#-#-#-#-#-#-#-#-#-#-#-#-#-#-#-#-#-#-#?#10005453
Q6#FJX945#Validated#BJT, NPN Signal, 50V 0.15A SOT-323#No#1#-#-# # # #Fairchild#FJX945#http://a35as03applge.appl.ge.com/Part_Data_Sheets/Fairchild/Q_NPN_Signal-Fairchild_FJX945.pdf# # # #NXP#2PC4081S#http://a35as03applge.appl.ge.com/Part_Data_Sheets/NXP/Q_NPN_Signal-NXP_2PC4081S.pdf# # # #-#-#-#-#-#-#-#-#-#-#-#-#-#-#-#-#-#-#-#-#-#-#-#-#-#-#-#-#-#-#?#10005453
R1#22K#Validated#RES, TF-SMT0805, 22K Ohm 5% 1/8W#No#1#-#-#Compostar#CR05223J00#http://a35as03applge.appl.ge.com/Part_Data_Sheets/Compostar/R_SMT-Compostar_CR.pdf#Vishay#CRCW0805223J#http://a35as03applge.appl.ge.com/Part_Data_Sheets/Vishay/R_SMT-Vishay_CRCW.pdf#Yageo#RC0805JR-xx22KL#http://a35as03applge.appl.ge.com/Part_Data_Sheets/Yageo/R_SMT-Yageo_RC0805.pdf#KOA#RK73B2ATxx223J#http://a35as03applge.appl.ge.com/Part_Data_Sheets/KOA/R_SMT-KOA_RK73B.pdf#NIC#NRC10J223xxF#http://a35as03applge.appl.ge.com/Part_Data_Sheets/NIC/R_SMT-NIC_NRC.pdf#-#-#-#-#-#-#-#-#-#-#-#-#-#-#-#-#-#-#-#-#-#-#-#-#-#-#-#-#-#-#?#10006498
R10#22K#Validated#RES, TF-SMT0805, 22K Ohm 5% 1/8W#No#1#-#-#Compostar#CR05223J00#http://a35as03applge.appl.ge.com/Part_Data_Sheets/Compostar/R_SMT-Compostar_CR.pdf#Vishay#CRCW0805223J#http://a35as03applge.appl.ge.com/Part_Data_Sheets/Vishay/R_SMT-Vishay_CRCW.pdf#Yageo#RC0805JR-xx22KL#http://a35as03applge.appl.ge.com/Part_Data_Sheets/Yageo/R_SMT-Yageo_RC0805.pdf#KOA#RK73B2ATxx223J#http://a35as03applge.appl.ge.com/Part_Data_Sheets/KOA/R_SMT-KOA_RK73B.pdf#NIC#NRC10J223xxF#http://a35as03applge.appl.ge.com/Part_Data_Sheets/NIC/R_SMT-NIC_NRC.pdf#-#-#-#-#-#-#-#-#-#-#-#-#-#-#-#-#-#-#-#-#-#-#-#-#-#-#-#-#-#-#?#10006498
R11#100K#Validated#RES, TF-SMT0805, 100K Ohm 5% 1/8W#No#1#-#-#Compostar#CR05104J00#http://a35as03applge.appl.ge.com/Part_Data_Sheets/Compostar/R_SMT-Compostar_CR.pdf#Vishay#CRCW0805104J#http://a35as03applge.appl.ge.com/Part_Data_Sheets/Vishay/R_SMT-Vishay_CRCW.pdf#Yageo#RC0805JR-xx100KL#http://a35as03applge.appl.ge.com/Part_Data_Sheets/Yageo/R_SMT-Yageo_RC0805.pdf#KOA#RK73B2ATxx104J#http://a35as03applge.appl.ge.com/Part_Data_Sheets/KOA/R_SMT-KOA_RK73B.pdf#NIC#NRC10J104xxF#http://a35as03applge.appl.ge.com/Part_Data_Sheets/NIC/R_SMT-NIC_NRC.pdf#-#-#-#-#-#-#-#-#-#-#-#-#-#-#-#-#-#-#-#-#-#-#-#-#-#-#-#-#-#-#?#10006514
R12#1.0M#Validated#RES, TF-SMT0805, 1.0M Ohm 5% 1/8W#No#1#-#-#Compostar#CR05105J00#http://a35as03applge.appl.ge.com/Part_Data_Sheets/Compostar/R_SMT-Compostar_CR.pdf#Vishay#CRCW0805105J#http://a35as03applge.appl.ge.com/Part_Data_Sheets/Vishay/R_SMT-Vishay_CRCW.pdf#Yageo#RC0805JR-xx1M0L#http://a35as03applge.appl.ge.com/Part_Data_Sheets/Yageo/R_SMT-Yageo_RC0805.pdf#KOA#RK73B2ATxx105J#http://a35as03applge.appl.ge.com/Part_Data_Sheets/KOA/R_SMT-KOA_RK73B.pdf#NIC#NRC10J105xxF#http://a35as03applge.appl.ge.com/Part_Data_Sheets/NIC/R_SMT-NIC_NRC.pdf#-#-#-#-#-#-#-#-#-#-#-#-#-#-#-#-#-#-#-#-#-#-#-#-#-#-#-#-#-#-#?#10006538
R13#6.8K#Validated#RES, TF-SMT0805, 6.8K Ohm 5% 1/8W#No#1#-#-#Compostar#CR05682J00#http://a35as03applge.appl.ge.com/Part_Data_Sheets/Compostar/R_SMT-Compostar_CR.pdf#Vishay#CRCW0805682J#http://a35as03applge.appl.ge.com/Part_Data_Sheets/Vishay/R_SMT-Vishay_CRCW.pdf#Yageo#RC0805JR-xx6K8L#http://a35as03applge.appl.ge.com/Part_Data_Sheets/Yageo/R_SMT-Yageo_RC0805.pdf#KOA#RK73B2ATxx682J#http://a35as03applge.appl.ge.com/Part_Data_Sheets/KOA/R_SMT-KOA_RK73B.pdf#NIC#NRC10J682xxF#http://a35as03applge.appl.ge.com/Part_Data_Sheets/NIC/R_SMT-NIC_NRC.pdf#-#-#-#-#-#-#-#-#-#-#-#-#-#-#-#-#-#-#-#-#-#-#-#-#-#-#-#-#-#-#?#10006486
R14#1.0M#Validated#RES, TF-SMT0805, 1.0M Ohm 5% 1/8W#No#1#-#-#Compostar#CR05105J00#http://a35as03applge.appl.ge.com/Part_Data_Sheets/Compostar/R_SMT-Compostar_CR.pdf#Vishay#CRCW0805105J#http://a35as03applge.appl.ge.com/Part_Data_Sheets/Vishay/R_SMT-Vishay_CRCW.pdf#Yageo#RC0805JR-xx1M0L#http://a35as03applge.appl.ge.com/Part_Data_Sheets/Yageo/R_SMT-Yageo_RC0805.pdf#KOA#RK73B2ATxx105J#http://a35as03applge.appl.ge.com/Part_Data_Sheets/KOA/R_SMT-KOA_RK73B.pdf#NIC#NRC10J105xxF#http://a35as03applge.appl.ge.com/Part_Data_Sheets/NIC/R_SMT-NIC_NRC.pdf#-#-#-#-#-#-#-#-#-#-#-#-#-#-#-#-#-#-#-#-#-#-#-#-#-#-#-#-#-#-#?#10006538
R16#22K#Validated#RES, TF-SMT0805, 22K Ohm 5% 1/8W#No#1#-#-#Compostar#CR05223J00#http://a35as03applge.appl.ge.com/Part_Data_Sheets/Compostar/R_SMT-Compostar_CR.pdf#Vishay#CRCW0805223J#http://a35as03applge.appl.ge.com/Part_Data_Sheets/Vishay/R_SMT-Vishay_CRCW.pdf#Yageo#RC0805JR-xx22KL#http://a35as03applge.appl.ge.com/Part_Data_Sheets/Yageo/R_SMT-Yageo_RC0805.pdf#KOA#RK73B2ATxx223J#http://a35as03applge.appl.ge.com/Part_Data_Sheets/KOA/R_SMT-KOA_RK73B.pdf#NIC#NRC10J223xxF#http://a35as03applge.appl.ge.com/Part_Data_Sheets/NIC/R_SMT-NIC_NRC.pdf#-#-#-#-#-#-#-#-#-#-#-#-#-#-#-#-#-#-#-#-#-#-#-#-#-#-#-#-#-#-#?#10006498
R17#470K#Validated#RES, TF-SMT0805, 470K Ohm 5% 1/8W#No#1#-#-#Compostar#CR05474J00#http://a35as03applge.appl.ge.com/Part_Data_Sheets/Compostar/R_SMT-Compostar_CR.pdf#Vishay#CRCW0805474J#http://a35as03applge.appl.ge.com/Part_Data_Sheets/Vishay/R_SMT-Vishay_CRCW.pdf#Yageo#RC0805JR-xx470KL#http://a35as03applge.appl.ge.com/Part_Data_Sheets/Yageo/R_SMT-Yageo_RC0805.pdf#KOA#RK73B2ATxx474J#http://a35as03applge.appl.ge.com/Part_Data_Sheets/KOA/R_SMT-KOA_RK73B.pdf#NIC#NRC10J474xxF#http://a35as03applge.appl.ge.com/Part_Data_Sheets/NIC/R_SMT-NIC_NRC.pdf#-#-#-#-#-#-#-#-#-#-#-#-#-#-#-#-#-#-#-#-#-#-#-#-#-#-#-#-#-#-#?#10006530
R18#10K#Validated#RES, TF-SMT0805, 10K Ohm 5% 1/8W#No#1#-#-#Compostar#CR05103J00#http://a35as03applge.appl.ge.com/Part_Data_Sheets/Compostar/R_SMT-Compostar_CR.pdf#Vishay#CRCW0805103J#http://a35as03applge.appl.ge.com/Part_Data_Sheets/Vishay/R_SMT-Vishay_CRCW.pdf#Yageo#RC0805JR-xx10KL#http://a35as03applge.appl.ge.com/Part_Data_Sheets/Yageo/R_SMT-Yageo_RC0805.pdf#KOA#RK73B2ATxx103J#http://a35as03applge.appl.ge.com/Part_Data_Sheets/KOA/R_SMT-KOA_RK73B.pdf#NIC#NRC10J103xxF#http://a35as03applge.appl.ge.com/Part_Data_Sheets/NIC/R_SMT-NIC_NRC.pdf#-#-#-#-#-#-#-#-#-#-#-#-#-#-#-#-#-#-#-#-#-#-#-#-#-#-#-#-#-#-#?#10006490
R19#220#Validated#RES, TF-SMT0805, 220 Ohm 5% 1/8W#No#1#-#-#Compostar#CR05221J00#http://a35as03applge.appl.ge.com/Part_Data_Sheets/Compostar/R_SMT-Compostar_CR.pdf#Vishay#CRCW0805221J#http://a35as03applge.appl.ge.com/Part_Data_Sheets/Vishay/R_SMT-Vishay_CRCW.pdf#Yageo#RC0805JR-xx220RL#http://a35as03applge.appl.ge.com/Part_Data_Sheets/Yageo/R_SMT-Yageo_RC0805.pdf#KOA#RK73B2ATxx221J#http://a35as03applge.appl.ge.com/Part_Data_Sheets/KOA/R_SMT-KOA_RK73B.pdf#NIC#NRC10J221xxF#http://a35as03applge.appl.ge.com/Part_Data_Sheets/NIC/R_SMT-NIC_NRC.pdf#-#-#-#-#-#-#-#-#-#-#-#-#-#-#-#-#-#-#-#-#-#-#-#-#-#-#-#-#-#-#?#10006450
R2#10K#Validated#RES, TF-SMT0805, 10K Ohm 5% 1/8W#No#1#-#-#Compostar#CR05103J00#http://a35as03applge.appl.ge.com/Part_Data_Sheets/Compostar/R_SMT-Compostar_CR.pdf#Vishay#CRCW0805103J#http://a35as03applge.appl.ge.com/Part_Data_Sheets/Vishay/R_SMT-Vishay_CRCW.pdf#Yageo#RC0805JR-xx10KL#http://a35as03applge.appl.ge.com/Part_Data_Sheets/Yageo/R_SMT-Yageo_RC0805.pdf#KOA#RK73B2ATxx103J#http://a35as03applge.appl.ge.com/Part_Data_Sheets/KOA/R_SMT-KOA_RK73B.pdf#NIC#NRC10J103xxF#http://a35as03applge.appl.ge.com/Part_Data_Sheets/NIC/R_SMT-NIC_NRC.pdf#-#-#-#-#-#-#-#-#-#-#-#-#-#-#-#-#-#-#-#-#-#-#-#-#-#-#-#-#-#-#?#10006490
R20#47K#Validated#RES, TH-Carbon, 47K Ohm 5% 1/4W#No#1#-#-#Yageo#CFR-25J47K#http://a35as03applge.appl.ge.com/Part_Data_Sheets/Yageo/R_TH-Yageo_all.pdf#NIC#NCF25J473TRF#http://a35as03applge.appl.ge.com/Part_Data_Sheets/NIC/R_TH_Carbon-NIC_NCF.pdf#KOA#CF1/4Cxxx473J#http://a35as03applge.appl.ge.com/Part_Data_Sheets/KOA/R_TH_carbon-KOA_CF.pdf#HKR#CFR2547KJ#http://a35as03applge.appl.ge.com/Part_Data_Sheets/HKR/R_TH_carbon-HKR_CF.pdf# # # #-#-#-#-#-#-#-#-#-#-#-#-#-#-#-#-#-#-#-#-#-#-#-#-#-#-#-#-#-#-#?#10013804
R22#22K#Validated#RES, TF-SMT0805, 22K Ohm 5% 1/8W#No#1#-#-#Compostar#CR05223J00#http://a35as03applge.appl.ge.com/Part_Data_Sheets/Compostar/R_SMT-Compostar_CR.pdf#Vishay#CRCW0805223J#http://a35as03applge.appl.ge.com/Part_Data_Sheets/Vishay/R_SMT-Vishay_CRCW.pdf#Yageo#RC0805JR-xx22KL#http://a35as03applge.appl.ge.com/Part_Data_Sheets/Yageo/R_SMT-Yageo_RC0805.pdf#KOA#RK73B2ATxx223J#http://a35as03applge.appl.ge.com/Part_Data_Sheets/KOA/R_SMT-KOA_RK73B.pdf#NIC#NRC10J223xxF#http://a35as03applge.appl.ge.com/Part_Data_Sheets/NIC/R_SMT-NIC_NRC.pdf#-#-#-#-#-#-#-#-#-#-#-#-#-#-#-#-#-#-#-#-#-#-#-#-#-#-#-#-#-#-#?#10006498
R25#47K#Validated#RES, TF-SMT0805, 47K Ohm 5% 1/8W#No#1#-#-#Compostar#CR05473J00#http://a35as03applge.appl.ge.com/Part_Data_Sheets/Compostar/R_SMT-Compostar_CR.pdf#Vishay#CRCW0805473J#http://a35as03applge.appl.ge.com/Part_Data_Sheets/Vishay/R_SMT-Vishay_CRCW.pdf#Yageo#RC0805JR-xx47KL#http://a35as03applge.appl.ge.com/Part_Data_Sheets/Yageo/R_SMT-Yageo_RC0805.pdf#KOA#RK73B2ATxx473J#http://a35as03applge.appl.ge.com/Part_Data_Sheets/KOA/R_SMT-KOA_RK73B.pdf#NIC#NRC10J473xxF#http://a35as03applge.appl.ge.com/Part_Data_Sheets/NIC/R_SMT-NIC_NRC.pdf#-#-#-#-#-#-#-#-#-#-#-#-#-#-#-#-#-#-#-#-#-#-#-#-#-#-#-#-#-#-#?#10006506
R26#82K#Validated#RES, TF-SMT0805, 82K Ohm 5% 1/8W#No#1#-#-#Compostar#CR05823J00#http://a35as03applge.appl.ge.com/Part_Data_Sheets/Compostar/R_SMT-Compostar_CR.pdf#Vishay#CRCW0805823J#http://a35as03applge.appl.ge.com/Part_Data_Sheets/Vishay/R_SMT-Vishay_CRCW.pdf#Yageo#RC0805JR-xx82KL#http://a35as03applge.appl.ge.com/Part_Data_Sheets/Yageo/R_SMT-Yageo_RC0805.pdf#KOA#RK73B2ATxx823J#http://a35as03applge.appl.ge.com/Part_Data_Sheets/KOA/R_SMT-KOA_RK73B.pdf#NIC#NRC10J823xxF#http://a35as03applge.appl.ge.com/Part_Data_Sheets/NIC/R_SMT-NIC_NRC.pdf#-#-#-#-#-#-#-#-#-#-#-#-#-#-#-#-#-#-#-#-#-#-#-#-#-#-#-#-#-#-#?#10006512
R27#100K#Validated#RES, TF-SMT0805, 100K Ohm 5% 1/8W#No#1#-#-#Compostar#CR05104J00#http://a35as03applge.appl.ge.com/Part_Data_Sheets/Compostar/R_SMT-Compostar_CR.pdf#Vishay#CRCW0805104J#http://a35as03applge.appl.ge.com/Part_Data_Sheets/Vishay/R_SMT-Vishay_CRCW.pdf#Yageo#RC0805JR-xx100KL#http://a35as03applge.appl.ge.com/Part_Data_Sheets/Yageo/R_SMT-Yageo_RC0805.pdf#KOA#RK73B2ATxx104J#http://a35as03applge.appl.ge.com/Part_Data_Sheets/KOA/R_SMT-KOA_RK73B.pdf#NIC#NRC10J104xxF#http://a35as03applge.appl.ge.com/Part_Data_Sheets/NIC/R_SMT-NIC_NRC.pdf#-#-#-#-#-#-#-#-#-#-#-#-#-#-#-#-#-#-#-#-#-#-#-#-#-#-#-#-#-#-#?#10006514
R28#100K#Validated#RES, TF-SMT0805, 100K Ohm 5% 1/8W#No#1#-#-#Compostar#CR05104J00#http://a35as03applge.appl.ge.com/Part_Data_Sheets/Compostar/R_SMT-Compostar_CR.pdf#Vishay#CRCW0805104J#http://a35as03applge.appl.ge.com/Part_Data_Sheets/Vishay/R_SMT-Vishay_CRCW.pdf#Yageo#RC0805JR-xx100KL#http://a35as03applge.appl.ge.com/Part_Data_Sheets/Yageo/R_SMT-Yageo_RC0805.pdf#KOA#RK73B2ATxx104J#http://a35as03applge.appl.ge.com/Part_Data_Sheets/KOA/R_SMT-KOA_RK73B.pdf#NIC#NRC10J104xxF#http://a35as03applge.appl.ge.com/Part_Data_Sheets/NIC/R_SMT-NIC_NRC.pdf#-#-#-#-#-#-#-#-#-#-#-#-#-#-#-#-#-#-#-#-#-#-#-#-#-#-#-#-#-#-#?#10006514
R29#6.8K#Validated#RES, TF-SMT2010, 6.8K Ohm 5% 3/4W#No#1#-#-#Compostar#CR20682J00#http://a35as03applge.appl.ge.com/Part_Data_Sheets/Compostar/R_SMT-Compostar_CR.pdf#Yageo#RC2010JR-xx6K8L#http://a35as03applge.appl.ge.com/Part_Data_Sheets/Yageo/R_SMT-Yageo_RC2010.pdf#KOA#RK73B2HTxx682J#http://a35as03applge.appl.ge.com/Part_Data_Sheets/KOA/R_SMT-KOA_RK73B.pdf#NIC#NRC50J682xxF#http://a35as03applge.appl.ge.com/Part_Data_Sheets/NIC/R_SMT-NIC_NRC.pdf# # # #-#-#-#-#-#-#-#-#-#-#-#-#-#-#-#-#-#-#-#-#-#-#-#-#-#-#-#-#-#-#?#10006176
R3#4.7K#Validated#RES, TF-SMT0805, 4.7K Ohm 5% 1/8W#No#1#-#-#Compostar#CR05472J00#http://a35as03applge.appl.ge.com/Part_Data_Sheets/Compostar/R_SMT-Compostar_CR.pdf#Vishay#CRCW0805472J#http://a35as03applge.appl.ge.com/Part_Data_Sheets/Vishay/R_SMT-Vishay_CRCW.pdf#Yageo#RC0805JR-xx4K7L#http://a35as03applge.appl.ge.com/Part_Data_Sheets/Yageo/R_SMT-Yageo_RC0805.pdf#KOA#RK73B2ATxx472J#http://a35as03applge.appl.ge.com/Part_Data_Sheets/KOA/R_SMT-KOA_RK73B.pdf#NIC#NRC10J472xxF#http://a35as03applge.appl.ge.com/Part_Data_Sheets/NIC/R_SMT-NIC_NRC.pdf#-#-#-#-#-#-#-#-#-#-#-#-#-#-#-#-#-#-#-#-#-#-#-#-#-#-#-#-#-#-#?#10006482
R30#1.0K#Validated#RES, TF-SMT0805, 1.0K Ohm 5% 1/8W#No#1#-#-#Compostar#CR05102J00#http://a35as03applge.appl.ge.com/Part_Data_Sheets/Compostar/R_SMT-Compostar_CR.pdf#Vishay#CRCW0805102J#http://a35as03applge.appl.ge.com/Part_Data_Sheets/Vishay/R_SMT-Vishay_CRCW.pdf#Yageo#RC0805JR-xx1K0L#http://a35as03applge.appl.ge.com/Part_Data_Sheets/Yageo/R_SMT-Yageo_RC0805.pdf#KOA#RK73B2ATxx102J#http://a35as03applge.appl.ge.com/Part_Data_Sheets/KOA/R_SMT-KOA_RK73B.pdf#NIC#NRC10J102xxF#http://a35as03applge.appl.ge.com/Part_Data_Sheets/NIC/R_SMT-NIC_NRC.pdf#-#-#-#-#-#-#-#-#-#-#-#-#-#-#-#-#-#-#-#-#-#-#-#-#-#-#-#-#-#-#?#10006466
R4#10K#Validated#RES, TF-SMT0805, 10K Ohm 5% 1/8W#No#1#-#-#Compostar#CR05103J00#http://a35as03applge.appl.ge.com/Part_Data_Sheets/Compostar/R_SMT-Compostar_CR.pdf#Vishay#CRCW0805103J#http://a35as03applge.appl.ge.com/Part_Data_Sheets/Vishay/R_SMT-Vishay_CRCW.pdf#Yageo#RC0805JR-xx10KL#http://a35as03applge.appl.ge.com/Part_Data_Sheets/Yageo/R_SMT-Yageo_RC0805.pdf#KOA#RK73B2ATxx103J#http://a35as03applge.appl.ge.com/Part_Data_Sheets/KOA/R_SMT-KOA_RK73B.pdf#NIC#NRC10J103xxF#http://a35as03applge.appl.ge.com/Part_Data_Sheets/NIC/R_SMT-NIC_NRC.pdf#-#-#-#-#-#-#-#-#-#-#-#-#-#-#-#-#-#-#-#-#-#-#-#-#-#-#-#-#-#-#?#10006490
R5#100K#Validated#RES, TF-SMT0805, 100K Ohm 5% 1/8W#No#1#-#-#Compostar#CR05104J00#http://a35as03applge.appl.ge.com/Part_Data_Sheets/Compostar/R_SMT-Compostar_CR.pdf#Vishay#CRCW0805104J#http://a35as03applge.appl.ge.com/Part_Data_Sheets/Vishay/R_SMT-Vishay_CRCW.pdf#Yageo#RC0805JR-xx100KL#http://a35as03applge.appl.ge.com/Part_Data_Sheets/Yageo/R_SMT-Yageo_RC0805.pdf#KOA#RK73B2ATxx104J#http://a35as03applge.appl.ge.com/Part_Data_Sheets/KOA/R_SMT-KOA_RK73B.pdf#NIC#NRC10J104xxF#http://a35as03applge.appl.ge.com/Part_Data_Sheets/NIC/R_SMT-NIC_NRC.pdf#-#-#-#-#-#-#-#-#-#-#-#-#-#-#-#-#-#-#-#-#-#-#-#-#-#-#-#-#-#-#?#10006514
R6#8.2K#Validated#RES, TF-SMT0805, 8.2K Ohm 5% 1/8W#No#1#-#-#Compostar#CR05822J00#http://a35as03applge.appl.ge.com/Part_Data_Sheets/Compostar/R_SMT-Compostar_CR.pdf#Vishay#CRCW0805822J#http://a35as03applge.appl.ge.com/Part_Data_Sheets/Vishay/R_SMT-Vishay_CRCW.pdf#Yageo#RC0805JR-xx8K2L#http://a35as03applge.appl.ge.com/Part_Data_Sheets/Yageo/R_SMT-Yageo_RC0805.pdf#KOA#RK73B2ATxx822J#http://a35as03applge.appl.ge.com/Part_Data_Sheets/KOA/R_SMT-KOA_RK73B.pdf#NIC#NRC10J822xxF#http://a35as03applge.appl.ge.com/Part_Data_Sheets/NIC/R_SMT-NIC_NRC.pdf#-#-#-#-#-#-#-#-#-#-#-#-#-#-#-#-#-#-#-#-#-#-#-#-#-#-#-#-#-#-#?#10006488
R7#2.7K#Validated#RES, TF-SMT0805, 2.7K Ohm 5% 1/8W#No#1#-#-#Compostar#CR05272J00#http://a35as03applge.appl.ge.com/Part_Data_Sheets/Compostar/R_SMT-Compostar_CR.pdf#Vishay#CRCW0805272J#http://a35as03applge.appl.ge.com/Part_Data_Sheets/Vishay/R_SMT-Vishay_CRCW.pdf#Yageo#RC0805JR-xx2K7L#http://a35as03applge.appl.ge.com/Part_Data_Sheets/Yageo/R_SMT-Yageo_RC0805.pdf#KOA#RK73B2ATxx272J#http://a35as03applge.appl.ge.com/Part_Data_Sheets/KOA/R_SMT-KOA_RK73B.pdf#NIC#NRC10J272xxF#http://a35as03applge.appl.ge.com/Part_Data_Sheets/NIC/R_SMT-NIC_NRC.pdf#-#-#-#-#-#-#-#-#-#-#-#-#-#-#-#-#-#-#-#-#-#-#-#-#-#-#-#-#-#-#?#10006476
R8#4.7K#Validated#RES, TF-SMT0805, 4.7K Ohm 5% 1/8W#No#1#-#-#Compostar#CR05472J00#http://a35as03applge.appl.ge.com/Part_Data_Sheets/Compostar/R_SMT-Compostar_CR.pdf#Vishay#CRCW0805472J#http://a35as03applge.appl.ge.com/Part_Data_Sheets/Vishay/R_SMT-Vishay_CRCW.pdf#Yageo#RC0805JR-xx4K7L#http://a35as03applge.appl.ge.com/Part_Data_Sheets/Yageo/R_SMT-Yageo_RC0805.pdf#KOA#RK73B2ATxx472J#http://a35as03applge.appl.ge.com/Part_Data_Sheets/KOA/R_SMT-KOA_RK73B.pdf#NIC#NRC10J472xxF#http://a35as03applge.appl.ge.com/Part_Data_Sheets/NIC/R_SMT-NIC_NRC.pdf#-#-#-#-#-#-#-#-#-#-#-#-#-#-#-#-#-#-#-#-#-#-#-#-#-#-#-#-#-#-#?#10006482
R9#1.0M#Validated#RES, TF-SMT2010, 1.0M Ohm 5% 3/4W#No#1#-#-#Compostar#CR20105J00#http://a35as03applge.appl.ge.com/Part_Data_Sheets/Compostar/R_SMT-Compostar_CR.pdf#Yageo#RC2010JR-xx1M0L#http://a35as03applge.appl.ge.com/Part_Data_Sheets/Yageo/R_SMT-Yageo_RC2010.pdf#KOA#RK73B2HTxx105J#http://a35as03applge.appl.ge.com/Part_Data_Sheets/KOA/R_SMT-KOA_RK73B.pdf#NIC#NRC50J105xxF#http://a35as03applge.appl.ge.com/Part_Data_Sheets/NIC/R_SMT-NIC_NRC.pdf# # # #-#-#-#-#-#-#-#-#-#-#-#-#-#-#-#-#-#-#-#-#-#-#-#-#-#-#-#-#-#-#?#10006228
U1#LM258D#VALIDATED#Dual Low power op-amps,SO8#No#1#-#-#FreeScale#LM258D#http://a35as03applge.appl.ge.com/Part_Data_Sheets/FreeScale/LM258D.pdf#On semiconductor#LM258DG#http://a35as03applge.appl.ge.com/Part_Data_Sheets/On_semiconductor/LM258Dg.pdf#-#-#-#-#-#-#-#-#-#-#-#-#-#-#-#-#-#-#-#-#-#-#-#-#-#-#-#-#-#-#-#-#-#-#-#-#-#-#-#?#10019370
TOTAL# # # # #53# #0.000# # # # # # # # # # # # # # # # # # # # # # # # # # # # # # # # # # # # # # # # # # # # # # # 
